[hafsa-software.webflow.io/index.html]
[backblue.gif]
[fade.gif]
[index.html]
[hafsa-software.webflow.io/webflow-introduction.html]
[hafsa-software.webflow.io/web-theme-design.html]
[hafsa-software.webflow.io/e-commerce-site-service.html]
[hafsa-software.webflow.io/mobile-application-software-service.html]
[hafsa-software.webflow.io/corporate-web-design.html]
[hafsa-software.webflow.io/google-ads-advertising-management.html]
[hafsa-software.webflow.io/web-consulting-service.html]
[hafsa-software.webflow.io/landing-page-optimizations.html]
[hafsa-software.webflow.io/search-engine-optimization.html]
[hafsa-software.webflow.io/our-project.html]
[hafsa-software.webflow.io/team.html]
[hafsa-software.webflow.io/blog.html]
[hafsa-software.webflow.io/about-us.html]
[hafsa-software.webflow.io/contact-us.html]
[hafsa-software.webflow.io/case-study/pialetti.html]
[hafsa-software.webflow.io/case-study/medzenith.html]
[hafsa-software.webflow.io/case-study/walkiddy.html]
[hafsa-software.webflow.io/post/the-importance-of-responsive-design-and-how-to-achieve-it-with-webflow.html]
[hafsa-software.webflow.io/post/branding-strategies-for-taking-your-agency-to-the-next-level.html]
[hafsa-software.webflow.io/post/how-can-i-place-a-google-ad.html]
[hafsa-software.webflow.io/post/how-to-create-a-productive-meeting-environment.html]
[hafsa-software.webflow.io/old-home.html]
[hafsa-software.webflow.io/agb.html]
[hafsa-software.webflow.io/privacy-policy.html]
[hafsa-software.webflow.io/impressum.html]
[hafsa-software.webflow.io/payment-and-dispatch.html]
[hafsa-software.webflow.io/revocation-right-for-consumers.html]
[hafsa-software.webflow.io/index.html]
[hafsa-software.webflow.io/webflow-introduction40fc.html]
[hafsa-software.webflow.io/webflow-introduction0e71.html]
[hafsa-software.webflow.io/webflow-review.html]
[hafsa-software.webflow.io/post/how-to-integrate-webflow-with-other-tools-and-services.html]
[hafsa-software.webflow.io/post/the-benefits-of-using-webflow-for-content-management-and-collaboration.html]
[hafsa-software.webflow.io/webflow-faq.html]
[hafsa-software.webflow.io/webflow-introduction.html]
[hafsa-software.webflow.io/web-theme-design.html]
[hafsa-software.webflow.io/e-commerce-site-service.html]
[hafsa-software.webflow.io/mobile-application-software-service.html]
[hafsa-software.webflow.io/corporate-web-design.html]
[hafsa-software.webflow.io/google-ads-advertising-management.html]
[hafsa-software.webflow.io/web-consulting-service.html]
[hafsa-software.webflow.io/landing-page-optimizations.html]
[hafsa-software.webflow.io/search-engine-optimization.html]
[hafsa-software.webflow.io/case-study/campuswelt.html]
[hafsa-software.webflow.io/case-studies-tags/business.html]
[hafsa-software.webflow.io/case-studies-tags/all-tag.html]
[hafsa-software.webflow.io/case-study/smtanatomi.html]
[hafsa-software.webflow.io/case-studies-tags/e-commerce.html]
[hafsa-software.webflow.io/case-study/akademie-westfalia.html]
[hafsa-software.webflow.io/case-studies-tags/other.html]
[hafsa-software.webflow.io/case-study/jdsdiy.html]
[hafsa-software.webflow.io/case-study/laracarpet.html]
[hafsa-software.webflow.io/case-study/onsbazaar.html]
[hafsa-software.webflow.io/case-study/frankeiselt.html]
[hafsa-software.webflow.io/case-study/shopcheck.html]
[hafsa-software.webflow.io/case-studies-tags/seo.html]
[hafsa-software.webflow.io/case-study/sofram24.html]
[hafsa-software.webflow.io/case-study/gewofit.html]
[hafsa-software.webflow.io/case-study/allreview.html]
[hafsa-software.webflow.io/case-study/aludach-system.html]
[hafsa-software.webflow.io/case-study/runfix.html]
[hafsa-software.webflow.io/case-study/meetgate.html]
[hafsa-software.webflow.io/case-studies-tags/meeting.html]
[hafsa-software.webflow.io/case-study/serpalarm.html]
[hafsa-software.webflow.io/case-study/hakan-olcer.html]
[hafsa-software.webflow.io/case-study/primeshops.html]
[hafsa-software.webflow.io/case-study/moincam.html]
[hafsa-software.webflow.io/case-study/marketim-supermarkt.html]
[hafsa-software.webflow.io/case-study/ywremodel.html]
[hafsa-software.webflow.io/case-study/ykdesign.html]
[hafsa-software.webflow.io/case-study/tiyru.html]
[hafsa-software.webflow.io/case-studies-tags/course.html]
[hafsa-software.webflow.io/case-study/rosasolutions.html]
[hafsa-software.webflow.io/case-study/mentalwelt.html]
[hafsa-software.webflow.io/case-study/hafsatoys.html]
[hafsa-software.webflow.io/case-study/e-ktabxana.html]
[hafsa-software.webflow.io/case-study/villastore24.html]
[hafsa-software.webflow.io/case-study/fixmap.html]
[hafsa-software.webflow.io/case-study/homebyhome.html]
[hafsa-software.webflow.io/case-study/grunersalat.html]
[hafsa-software.webflow.io/our-project.html]
[hafsa-software.webflow.io/team.html]
[hafsa-software.webflow.io/blog-post-categories/webflow.html]
[hafsa-software.webflow.io/blog-post-categories/other.html]
[hafsa-software.webflow.io/blog-post-categories/e-commerce.html]
[hafsa-software.webflow.io/blog-post-categories/social-media.html]
[hafsa-software.webflow.io/blog-post-categories/seo.html]
[hafsa-software.webflow.io/blog-post-categories/web-software.html]
[hafsa-software.webflow.io/blog-post-categories/web-design.html]
[hafsa-software.webflow.io/blog-post-categories/ui-ux-design.html]
[hafsa-software.webflow.io/blog-post-categories/branding.html]
[hafsa-software.webflow.io/post/a-beginners-guide-to-using-webflow-for-web-design-and-development.html]
[hafsa-software.webflow.io/post/what-is-a-broken-link.html]
[hafsa-software.webflow.io/post/getting-your-team-onboard-a-new-app.html]
[hafsa-software.webflow.io/post/how-to-nail-your-next-pitch.html]
[hafsa-software.webflow.io/post/what-is-google-index-api-system.html]
[hafsa-software.webflow.io/post/what-are-the-benefits-of-original-content.html]
[hafsa-software.webflow.io/post/5-presentation-tips-for-your-next-stand-up.html]
[hafsa-software.webflow.io/post/how-to-use-google-adwords.html]
[hafsa-software.webflow.io/post/a-comparison-of-webflow-and-wordpress-which-is-the-best-platform-for-your-needs.html]
[hafsa-software.webflow.io/post/what-should-seo-compatible-content-include.html]
[hafsa-software.webflow.io/post/how-to-buy-ready-made-theme-design.html]
[hafsa-software.webflow.io/post/what-is-holistic-seo-what-processes-does-it-include.html]
[hafsa-software.webflow.io/post/the-role-of-webflow-in-the-modern-web-design-process.html]
[hafsa-software.webflow.io/post/case-studies-of-webflow-projects-and-their-success-stories.html]
[hafsa-software.webflow.io/post/10-ways-to-protect-your-team-from-the-pandemic.html]
[hafsa-software.webflow.io/post/how-to-design-packaging-for-your-next-product.html]
[hafsa-software.webflow.io/post/advanced-webflow-techniques-for-experienced-designers-and-developers.html]
[hafsa-software.webflow.io/post/what-is-google-my-business-configurations.html]
[hafsa-software.webflow.io/post/how-to-create-custom-animations-and-interactions-with-webflow.html]
[hafsa-software.webflow.io/post/the-top-reasons-to-choose-webflow-for-your-next-website-project.html]
[hafsa-software.webflow.io/post/tips-for-designing-a-mobile-friendly-site-with-webflow.html]
[hafsa-software.webflow.io/post/tips-and-tricks-for-optimizing-your-webflow-site-for-search-engines.html]
[hafsa-software.webflow.io/post/an-introduction-to-webflow-and-how-it-can-benefit-businesses-and-organizations.html]
[hafsa-software.webflow.io/post/how-to-create-a-successful-e-commerce-site-with-webflow.html]
[hafsa-software.webflow.io/post/marketing-tool-tips-for-creative-directors.html]
[hafsa-software.webflow.io/post/how-to-write-a-web-address.html]
[hafsa-software.webflow.io/post/3-new-apps-to-get-your-meeting-moving.html]
[hafsa-software.webflow.io/post/the-benefits-of-using-webflow-for-multilingual-sites.html]
[hafsa-software.webflow.io/post/why-is-celebration-good-for-team-morale.html]
[hafsa-software.webflow.io/post/a-showcase-of-creative-and-unique-webflow-sites.html]
[hafsa-software.webflow.io/blog.html]
[hafsa-software.webflow.io/testimonials-1.html]
[hafsa-software.webflow.io/about-us.html]
[hafsa-software.webflow.io/contact-us.html]
[hafsa-software.webflow.io/case-study/pialetti.html]
[hafsa-software.webflow.io/case-study/medzenith.html]
[hafsa-software.webflow.io/case-study/walkiddy.html]
[hafsa-software.webflow.io/blog-2.html]
[hafsa-software.webflow.io/post/the-importance-of-responsive-design-and-how-to-achieve-it-with-webflow.html]
[hafsa-software.webflow.io/post/branding-strategies-for-taking-your-agency-to-the-next-level.html]
[hafsa-software.webflow.io/post/how-can-i-place-a-google-ad.html]
[hafsa-software.webflow.io/post/how-to-create-a-productive-meeting-environment.html]
[hafsa-software.webflow.io/blog-1.html]
[hafsa-software.webflow.io/home-3.html]
[hafsa-software.webflow.io/home-2.html]
[hafsa-software.webflow.io/case-studies-1.html]
[hafsa-software.webflow.io/case-studies-2.html]
[hafsa-software.webflow.io/career-openings-v1.html]
[hafsa-software.webflow.io/career-openings-v2.html]
[hafsa-software.webflow.io/careers.html]
[hafsa-software.webflow.io/team-1.html]
[hafsa-software.webflow.io/team-3.html]
[hafsa-software.webflow.io/team/deer-fielding]
[hafsa-software.webflow.io/style-guide.html]
[hafsa-software.webflow.io/licenses.html]
[hafsa-software.webflow.io/old-home.html]
[hafsa-software.webflow.io/agb.html]
[hafsa-software.webflow.io/privacy-policy.html]
[hafsa-software.webflow.io/impressum.html]
[hafsa-software.webflow.io/payment-and-dispatch.html]
[hafsa-software.webflow.io/revocation-right-for-consumers.html]
[hafsa-software.webflow.io/webflow-introductiona94f.html]
[hafsa-software.webflow.io/webflow-introductionbaaf.html]
[hafsa-software.webflow.io/webflow-introduction6501.html]
[hafsa-software.webflow.io/webflow-introduction40fc.html]
[hafsa-software.webflow.io/webflow-introductionb01b.html]
[hafsa-software.webflow.io/webflow-introductiondafe.html]
[hafsa-software.webflow.io/webflow-introduction0e71.html]
[hafsa-software.webflow.io/webflow-review.html]
[hafsa-software.webflow.io/post/how-to-integrate-webflow-with-other-tools-and-services.html]
[hafsa-software.webflow.io/post/the-benefits-of-using-webflow-for-content-management-and-collaboration.html]
[hafsa-software.webflow.io/webflow-faq.html]
[hafsa-software.webflow.io/case-study/campuswelt.html]
[hafsa-software.webflow.io/case-studies-tags/designer.html]
[hafsa-software.webflow.io/case-studies-tags/development.html]
[hafsa-software.webflow.io/case-studies-tags/design.html]
[hafsa-software.webflow.io/case-studies-tags/business.html]
[hafsa-software.webflow.io/case-studies-tags/all-tag.html]
[hafsa-software.webflow.io/case-study/smtanatomi.html]
[hafsa-software.webflow.io/case-studies-tags/e-commerce.html]
[hafsa-software.webflow.io/case-study/akademie-westfalia.html]
[hafsa-software.webflow.io/case-studies-tags/other.html]
[hafsa-software.webflow.io/case-study/jdsdiy.html]
[hafsa-software.webflow.io/case-study/laracarpet.html]
[hafsa-software.webflow.io/case-study/onsbazaar.html]
[hafsa-software.webflow.io/case-study/frankeiselt.html]
[hafsa-software.webflow.io/case-study/shopcheck.html]
[hafsa-software.webflow.io/case-studies-tags/seo.html]
[hafsa-software.webflow.io/case-study/sofram24.html]
[hafsa-software.webflow.io/case-study/gewofit.html]
[hafsa-software.webflow.io/case-study/allreview.html]
[hafsa-software.webflow.io/case-study/aludach-system.html]
[hafsa-software.webflow.io/case-study/runfix.html]
[hafsa-software.webflow.io/case-study/meetgate.html]
[hafsa-software.webflow.io/case-studies-tags/meeting.html]
[hafsa-software.webflow.io/case-study/serpalarm.html]
[hafsa-software.webflow.io/case-study/hakan-olcer.html]
[hafsa-software.webflow.io/case-study/primeshops.html]
[hafsa-software.webflow.io/case-study/moincam.html]
[hafsa-software.webflow.io/case-study/marketim-supermarkt.html]
[hafsa-software.webflow.io/case-study/ywremodel.html]
[hafsa-software.webflow.io/case-study/ykdesign.html]
[hafsa-software.webflow.io/case-study/tiyru.html]
[hafsa-software.webflow.io/case-studies-tags/course.html]
[hafsa-software.webflow.io/case-study/rosasolutions.html]
[hafsa-software.webflow.io/case-study/mentalwelt.html]
[hafsa-software.webflow.io/case-study/hafsatoys.html]
[hafsa-software.webflow.io/case-study/e-ktabxana.html]
[hafsa-software.webflow.io/case-study/villastore24.html]
[hafsa-software.webflow.io/case-study/fixmap.html]
[hafsa-software.webflow.io/case-study/homebyhome.html]
[hafsa-software.webflow.io/case-study/grunersalat.html]
[hafsa-software.webflow.io/blog-post-categories/webflow.html]
[hafsa-software.webflow.io/blog-post-categories/other.html]
[hafsa-software.webflow.io/blog-post-categories/e-commerce.html]
[hafsa-software.webflow.io/blog-post-categories/social-media.html]
[hafsa-software.webflow.io/blog-post-categories/seo.html]
[hafsa-software.webflow.io/blog-post-categories/web-software.html]
[hafsa-software.webflow.io/blog-post-categories/web-design.html]
[hafsa-software.webflow.io/blog-post-categories/ui-ux-design.html]
[hafsa-software.webflow.io/blog-post-categories/branding.html]
[hafsa-software.webflow.io/post/a-beginners-guide-to-using-webflow-for-web-design-and-development.html]
[hafsa-software.webflow.io/post/what-is-a-broken-link.html]
[hafsa-software.webflow.io/post/getting-your-team-onboard-a-new-app.html]
[hafsa-software.webflow.io/post/how-to-nail-your-next-pitch.html]
[hafsa-software.webflow.io/post/what-is-google-index-api-system.html]
[hafsa-software.webflow.io/post/what-are-the-benefits-of-original-content.html]
[hafsa-software.webflow.io/post/5-presentation-tips-for-your-next-stand-up.html]
[hafsa-software.webflow.io/post/how-to-use-google-adwords.html]
[hafsa-software.webflow.io/post/a-comparison-of-webflow-and-wordpress-which-is-the-best-platform-for-your-needs.html]
[hafsa-software.webflow.io/post/what-should-seo-compatible-content-include.html]
[hafsa-software.webflow.io/post/how-to-buy-ready-made-theme-design.html]
[hafsa-software.webflow.io/post/what-is-holistic-seo-what-processes-does-it-include.html]
[hafsa-software.webflow.io/post/the-role-of-webflow-in-the-modern-web-design-process.html]
[hafsa-software.webflow.io/post/case-studies-of-webflow-projects-and-their-success-stories.html]
[hafsa-software.webflow.io/post/10-ways-to-protect-your-team-from-the-pandemic.html]
[hafsa-software.webflow.io/post/how-to-design-packaging-for-your-next-product.html]
[hafsa-software.webflow.io/post/advanced-webflow-techniques-for-experienced-designers-and-developers.html]
[hafsa-software.webflow.io/post/what-is-google-my-business-configurations.html]
[hafsa-software.webflow.io/post/how-to-create-custom-animations-and-interactions-with-webflow.html]
[hafsa-software.webflow.io/post/the-top-reasons-to-choose-webflow-for-your-next-website-project.html]
[hafsa-software.webflow.io/post/tips-for-designing-a-mobile-friendly-site-with-webflow.html]
[hafsa-software.webflow.io/post/tips-and-tricks-for-optimizing-your-webflow-site-for-search-engines.html]
[hafsa-software.webflow.io/post/an-introduction-to-webflow-and-how-it-can-benefit-businesses-and-organizations.html]
[hafsa-software.webflow.io/post/how-to-create-a-successful-e-commerce-site-with-webflow.html]
[hafsa-software.webflow.io/post/marketing-tool-tips-for-creative-directors.html]
[hafsa-software.webflow.io/post/how-to-write-a-web-address.html]
[hafsa-software.webflow.io/post/3-new-apps-to-get-your-meeting-moving.html]
[hafsa-software.webflow.io/post/the-benefits-of-using-webflow-for-multilingual-sites.html]
[hafsa-software.webflow.io/post/why-is-celebration-good-for-team-morale.html]
[hafsa-software.webflow.io/post/a-showcase-of-creative-and-unique-webflow-sites.html]
[hafsa-software.webflow.io/testimonials-1.html]
[hafsa-software.webflow.io/blog-2.html]
[hafsa-software.webflow.io/blog-1.html]
[hafsa-software.webflow.io/team/torsten-schmid.html]
[hafsa-software.webflow.io/team/torsten-klein.html]
[hafsa-software.webflow.io/team/mandy-pfeifer.html]
[hafsa-software.webflow.io/team/tobias-mehler.html]
[hafsa-software.webflow.io/home-3.html]
[hafsa-software.webflow.io/team/omer-hakan-olcer.html]
[hafsa-software.webflow.io/team/jens-edgar.html]
[hafsa-software.webflow.io/team/dirk-hueber.html]
[hafsa-software.webflow.io/team/katrin-unger.html]
[hafsa-software.webflow.io/team/stefan-freitag.html]
[hafsa-software.webflow.io/team/jan-neustadt.html]
[hafsa-software.webflow.io/team/martin-theissen.html]
[hafsa-software.webflow.io/home-2.html]
[hafsa-software.webflow.io/case-studies-1.html]
[hafsa-software.webflow.io/case-studies-2.html]
[hafsa-software.webflow.io/career-categories/development.html]
[hafsa-software.webflow.io/career-categories/business.html]
[hafsa-software.webflow.io/career-categories/design.html]
[hafsa-software.webflow.io/careers/machine-learning-specialist.html]
[hafsa-software.webflow.io/careers/data-analyst.html]
[hafsa-software.webflow.io/careers/senior-ux-developer.html]
[hafsa-software.webflow.io/careers/office-manager.html]
[hafsa-software.webflow.io/careers/art-director.html]
[hafsa-software.webflow.io/careers/brand-designer.html]
[hafsa-software.webflow.io/career-openings-v1.html]
[hafsa-software.webflow.io/level/senior.html]
[hafsa-software.webflow.io/level/intermediate.html]
[hafsa-software.webflow.io/level/junior.html]
[hafsa-software.webflow.io/career-openings-v2.html]
[hafsa-software.webflow.io/careers.html]
[hafsa-software.webflow.io/team/marcel-bohm.html]
[hafsa-software.webflow.io/team/barbara-freud.html]
[hafsa-software.webflow.io/team-1.html]
[hafsa-software.webflow.io/team-3.html]
[hafsa-software.webflow.io/team/deer-fielding.html]
[hafsa-software.webflow.io/style-guide.html]
[hafsa-software.webflow.io/licenses.html]
[hafsa-software.webflow.io/webflow-introductiona94f.html]
[hafsa-software.webflow.io/webflow-introduction9fcb.html]
[hafsa-software.webflow.io/webflow-introduction7931.html]
[hafsa-software.webflow.io/webflow-introductionbaaf.html]
[hafsa-software.webflow.io/webflow-introductionf0b7.html]
[hafsa-software.webflow.io/webflow-introductione1aa.html]
[hafsa-software.webflow.io/webflow-introduction0d22.html]
[hafsa-software.webflow.io/webflow-introduction6501.html]
[hafsa-software.webflow.io/webflow-introductionb01b.html]
[hafsa-software.webflow.io/webflow-introduction364a.html]
[hafsa-software.webflow.io/webflow-introductiondafe.html]
[hafsa-software.webflow.io/case-studies-tags/designer.html]
[hafsa-software.webflow.io/case-studies-tags/development.html]
[hafsa-software.webflow.io/case-studies-tags/design.html]
[hafsa-software.webflow.io/team/torsten-schmid.html]
[hafsa-software.webflow.io/team/torsten-klein.html]
[hafsa-software.webflow.io/team/mandy-pfeifer.html]
[hafsa-software.webflow.io/team/tobias-mehler.html]
[hafsa-software.webflow.io/team/omer-hakan-olcer.html]
[hafsa-software.webflow.io/team/jens-edgar.html]
[hafsa-software.webflow.io/team/dirk-hueber.html]
[hafsa-software.webflow.io/team/katrin-unger.html]
[hafsa-software.webflow.io/team/stefan-freitag.html]
[hafsa-software.webflow.io/team/jan-neustadt.html]
[hafsa-software.webflow.io/team/martin-theissen.html]
[hafsa-software.webflow.io/career-categories/development.html]
[hafsa-software.webflow.io/career-categories/business.html]
[hafsa-software.webflow.io/career-categories/design.html]
[hafsa-software.webflow.io/careers/ui-designer]
[hafsa-software.webflow.io/careers/machine-learning-specialist.html]
[hafsa-software.webflow.io/careers/data-analyst.html]
[hafsa-software.webflow.io/careers/senior-ux-developer.html]
[hafsa-software.webflow.io/careers/office-manager.html]
[hafsa-software.webflow.io/careers/art-director.html]
[hafsa-software.webflow.io/careers/brand-designer.html]
[hafsa-software.webflow.io/level/senior.html]
[hafsa-software.webflow.io/level/intermediate.html]
[hafsa-software.webflow.io/level/junior.html]
[hafsa-software.webflow.io/team/marcel-bohm.html]
[hafsa-software.webflow.io/team/barbara-freud.html]
[hafsa-software.webflow.io/webflow-introduction7e74.html]
[hafsa-software.webflow.io/webflow-introductionede1.html]
[hafsa-software.webflow.io/webflow-introduction9fcb.html]
[hafsa-software.webflow.io/webflow-introductiond0ae.html]
[hafsa-software.webflow.io/webflow-introduction2a08.html]
[hafsa-software.webflow.io/webflow-introduction7931.html]
[hafsa-software.webflow.io/webflow-introductionf0b7.html]
[hafsa-software.webflow.io/webflow-introductione1aa.html]
[hafsa-software.webflow.io/webflow-introduction8034.html]
[hafsa-software.webflow.io/webflow-introduction6562.html]
[hafsa-software.webflow.io/webflow-introduction0d22.html]
[hafsa-software.webflow.io/webflow-introductionc114.html]
[hafsa-software.webflow.io/webflow-introduction364a.html]
[hafsa-software.webflow.io/careers/ui-designer]
[hafsa-software.webflow.io/webflow-introduction89e2.html]
[hafsa-software.webflow.io/webflow-introductiond298.html]
[hafsa-software.webflow.io/webflow-introduction7e74.html]
[hafsa-software.webflow.io/webflow-introductiona773.html]
[hafsa-software.webflow.io/webflow-introductioncc2d.html]
[hafsa-software.webflow.io/webflow-introductionede1.html]
[hafsa-software.webflow.io/webflow-introductiond0ae.html]
[hafsa-software.webflow.io/webflow-introduction39fb.html]
[hafsa-software.webflow.io/webflow-introduction2a08.html]
[hafsa-software.webflow.io/webflow-introduction8034.html]
[hafsa-software.webflow.io/webflow-introduction08c0.html]
[hafsa-software.webflow.io/webflow-introductiona0e0.html]
[hafsa-software.webflow.io/webflow-introduction6562.html]
[hafsa-software.webflow.io/webflow-introductionc114.html]
[hafsa-software.webflow.io/webflow-introductionf869.html]
[hafsa-software.webflow.io/webflow-introduction89e2.html]
[hafsa-software.webflow.io/webflow-introduction47c8.html]
[hafsa-software.webflow.io/webflow-introduction1577.html]
[hafsa-software.webflow.io/webflow-introductiond298.html]
[hafsa-software.webflow.io/webflow-introductiona773.html]
[hafsa-software.webflow.io/webflow-introductionb9d4.html]
[hafsa-software.webflow.io/webflow-introductioncc2d.html]
[hafsa-software.webflow.io/webflow-introduction440a.html]
[hafsa-software.webflow.io/webflow-introduction39fb.html]
[hafsa-software.webflow.io/webflow-introduction08c0.html]
[hafsa-software.webflow.io/webflow-introductiond94b.html]
[hafsa-software.webflow.io/webflow-introductiona0e0.html]
[hafsa-software.webflow.io/webflow-introductionc72f.html]
[hafsa-software.webflow.io/webflow-introduction18cc.html]
[hafsa-software.webflow.io/webflow-introductionf869.html]
[hafsa-software.webflow.io/webflow-introduction47c8.html]
[hafsa-software.webflow.io/webflow-introduction3715.html]
[hafsa-software.webflow.io/webflow-introduction1577.html]
[hafsa-software.webflow.io/webflow-introductionc1cb.html]
[hafsa-software.webflow.io/webflow-introductionb9d4.html]
[hafsa-software.webflow.io/webflow-introduction440a.html]
[hafsa-software.webflow.io/webflow-introductiond94b.html]
[hafsa-software.webflow.io/webflow-introductionc72f.html]
[hafsa-software.webflow.io/webflow-introductionf837.html]
[hafsa-software.webflow.io/webflow-introduction18cc.html]
[hafsa-software.webflow.io/webflow-introduction4b75.html]
[hafsa-software.webflow.io/webflow-introduction3715.html]
[hafsa-software.webflow.io/webflow-introductionc1cb.html]
[hafsa-software.webflow.io/webflow-introduction33b1.html]
[hafsa-software.webflow.io/webflow-introductionf837.html]
[hafsa-software.webflow.io/webflow-introduction4b75.html]
[hafsa-software.webflow.io/webflow-introduction33b1.html]
