[hafsa-software.webflow.io/index.html]
[backblue.gif]
[fade.gif]
[index.html]
[hafsa-software.webflow.io/index.html]
[hafsa-software.webflow.io/webflow-introduction]
[hafsa-software.webflow.io/web-theme-design]
[hafsa-software.webflow.io/e-commerce-site-service]
[hafsa-software.webflow.io/mobile-application-software-service]
[hafsa-software.webflow.io/corporate-web-design]
[hafsa-software.webflow.io/google-ads-advertising-management]
[hafsa-software.webflow.io/web-consulting-service]
[hafsa-software.webflow.io/landing-page-optimizations]
[hafsa-software.webflow.io/search-engine-optimization]
[hafsa-software.webflow.io/our-project]
[hafsa-software.webflow.io/team]
[hafsa-software.webflow.io/blog]
[hafsa-software.webflow.io/about-us]
[hafsa-software.webflow.io/contact-us]
[hafsa-software.webflow.io/case-study/pialetti]
[hafsa-software.webflow.io/case-study/medzenith]
[hafsa-software.webflow.io/case-study/walkiddy]
[hafsa-software.webflow.io/post/the-importance-of-responsive-design-and-how-to-achieve-it-with-webflow]
[hafsa-software.webflow.io/post/branding-strategies-for-taking-your-agency-to-the-next-level]
[hafsa-software.webflow.io/post/how-can-i-place-a-google-ad]
[hafsa-software.webflow.io/post/how-to-create-a-productive-meeting-environment]
[hafsa-software.webflow.io/old-home]
[hafsa-software.webflow.io/agb]
[hafsa-software.webflow.io/privacy-policy]
[hafsa-software.webflow.io/impressum]
[hafsa-software.webflow.io/payment-and-dispatch]
[hafsa-software.webflow.io/revocation-right-for-consumers]
